/opt/anaconda3/lib/python3.13/site-packages/sklearn/base.py:442: InconsistentVersionWarning: Trying to unpickle estimator DecisionTreeClassifier from version 1.8.0 when using version 1.7.2. This might lead to breaking code or invalid results. Use at your own risk. For more info please refer to:
https://scikit-learn.org/stable/model_persistence.html#security-maintainability-limitations
  warnings.warn(
/opt/anaconda3/lib/python3.13/site-packages/sklearn/base.py:442: InconsistentVersionWarning: Trying to unpickle estimator RandomForestClassifier from version 1.8.0 when using version 1.7.2. This might lead to breaking code or invalid results. Use at your own risk. For more info please refer to:
https://scikit-learn.org/stable/model_persistence.html#security-maintainability-limitations
  warnings.warn(
INFO:     Will watch for changes in these directories: ['/Users/isara/4Y 1S/RP/R26-SE-031/intervention-service-v1']
INFO:     Uvicorn running on http://0.0.0.0:8013 (Press CTRL+C to quit)
INFO:     Started reloader process [29817] using WatchFiles
[C4-SinBERT] models/c4_sinbert/ not found — run scripts/train_c4_sinbert.py first
/opt/anaconda3/lib/python3.13/site-packages/sklearn/base.py:442: InconsistentVersionWarning: Trying to unpickle estimator DecisionTreeClassifier from version 1.8.0 when using version 1.7.2. This might lead to breaking code or invalid results. Use at your own risk. For more info please refer to:
https://scikit-learn.org/stable/model_persistence.html#security-maintainability-limitations
  warnings.warn(
/opt/anaconda3/lib/python3.13/site-packages/sklearn/base.py:442: InconsistentVersionWarning: Trying to unpickle estimator RandomForestClassifier from version 1.8.0 when using version 1.7.2. This might lead to breaking code or invalid results. Use at your own risk. For more info please refer to:
https://scikit-learn.org/stable/model_persistence.html#security-maintainability-limitations
  warnings.warn(
/opt/anaconda3/lib/python3.13/site-packages/sklearn/base.py:442: InconsistentVersionWarning: Trying to unpickle estimator DecisionTreeClassifier from version 1.8.0 when using version 1.7.2. This might lead to breaking code or invalid results. Use at your own risk. For more info please refer to:
https://scikit-learn.org/stable/model_persistence.html#security-maintainability-limitations
  warnings.warn(
/opt/anaconda3/lib/python3.13/site-packages/sklearn/base.py:442: InconsistentVersionWarning: Trying to unpickle estimator RandomForestClassifier from version 1.8.0 when using version 1.7.2. This might lead to breaking code or invalid results. Use at your own risk. For more info please refer to:
https://scikit-learn.org/stable/model_persistence.html#security-maintainability-limitations
  warnings.warn(
INFO:     Started server process [29823]
INFO:     Waiting for application startup.
INFO:     Application startup complete.
INFO:     Shutting down
INFO:     Waiting for application shutdown.
INFO:     Application shutdown complete.
INFO:     Finished server process [29823]
INFO:     Stopping reloader process [29817]
